Performing C++ SOURCE FILE Test ABSL_INTERNAL_AT_LEAST_CXX20 failed with the following output:
Change Dir: /media/sf_Master_Thesis_DDLogmans/Software/ROS_environment/Franka_WS/src/franka_ros/franka_example_controllers/lib/osqp-cpp/build/CMakeFiles/CMakeTmp

Run Build Command(s):/usr/bin/make cmTC_c6757/fast && /usr/bin/make -f CMakeFiles/cmTC_c6757.dir/build.make CMakeFiles/cmTC_c6757.dir/build
make[1]: Entering directory '/media/sf_Master_Thesis_DDLogmans/Software/ROS_environment/Franka_WS/src/franka_ros/franka_example_controllers/lib/osqp-cpp/build/CMakeFiles/CMakeTmp'
Building CXX object CMakeFiles/cmTC_c6757.dir/src.cxx.o
/usr/bin/c++    -DABSL_INTERNAL_AT_LEAST_CXX20   -std=gnu++17 -o CMakeFiles/cmTC_c6757.dir/src.cxx.o -c /media/sf_Master_Thesis_DDLogmans/Software/ROS_environment/Franka_WS/src/franka_ros/franka_example_controllers/lib/osqp-cpp/build/CMakeFiles/CMakeTmp/src.cxx
/media/sf_Master_Thesis_DDLogmans/Software/ROS_environment/Franka_WS/src/franka_ros/franka_example_controllers/lib/osqp-cpp/build/CMakeFiles/CMakeTmp/src.cxx:6:4: error: #error "The compiler defaults or is configured for C++ < 20"
    6 | #  error "The compiler defaults or is configured for C++ < 20"
      |    ^~~~~
make[1]: *** [CMakeFiles/cmTC_c6757.dir/build.make:66: CMakeFiles/cmTC_c6757.dir/src.cxx.o] Error 1
make[1]: Leaving directory '/media/sf_Master_Thesis_DDLogmans/Software/ROS_environment/Franka_WS/src/franka_ros/franka_example_controllers/lib/osqp-cpp/build/CMakeFiles/CMakeTmp'
make: *** [Makefile:121: cmTC_c6757/fast] Error 2


Source file was:
#ifdef _MSC_VER
#  if _MSVC_LANG < 202002L
#    error "The compiler defaults or is configured for C++ < 20"
#  endif
#elif __cplusplus < 202002L
#  error "The compiler defaults or is configured for C++ < 20"
#endif
int main() { return 0; }

Performing C SOURCE FILE Test CMAKE_HAVE_LIBC_PTHREAD failed with the following output:
Change Dir: /media/sf_Master_Thesis_DDLogmans/Software/ROS_environment/Franka_WS/src/franka_ros/franka_example_controllers/lib/osqp-cpp/build/CMakeFiles/CMakeTmp

Run Build Command(s):/usr/bin/make cmTC_5b867/fast && /usr/bin/make -f CMakeFiles/cmTC_5b867.dir/build.make CMakeFiles/cmTC_5b867.dir/build
make[1]: Entering directory '/media/sf_Master_Thesis_DDLogmans/Software/ROS_environment/Franka_WS/src/franka_ros/franka_example_controllers/lib/osqp-cpp/build/CMakeFiles/CMakeTmp'
Building C object CMakeFiles/cmTC_5b867.dir/src.c.o
/usr/bin/cc   -DCMAKE_HAVE_LIBC_PTHREAD   -o CMakeFiles/cmTC_5b867.dir/src.c.o   -c /media/sf_Master_Thesis_DDLogmans/Software/ROS_environment/Franka_WS/src/franka_ros/franka_example_controllers/lib/osqp-cpp/build/CMakeFiles/CMakeTmp/src.c
Linking C executable cmTC_5b867
/usr/bin/cmake -E cmake_link_script CMakeFiles/cmTC_5b867.dir/link.txt --verbose=1
/usr/bin/cc  -DCMAKE_HAVE_LIBC_PTHREAD    CMakeFiles/cmTC_5b867.dir/src.c.o  -o cmTC_5b867 
/usr/bin/ld: CMakeFiles/cmTC_5b867.dir/src.c.o: in function `main':
src.c:(.text+0x46): undefined reference to `pthread_create'
/usr/bin/ld: src.c:(.text+0x52): undefined reference to `pthread_detach'
/usr/bin/ld: src.c:(.text+0x63): undefined reference to `pthread_join'
collect2: error: ld returned 1 exit status
make[1]: *** [CMakeFiles/cmTC_5b867.dir/build.make:87: cmTC_5b867] Error 1
make[1]: Leaving directory '/media/sf_Master_Thesis_DDLogmans/Software/ROS_environment/Franka_WS/src/franka_ros/franka_example_controllers/lib/osqp-cpp/build/CMakeFiles/CMakeTmp'
make: *** [Makefile:121: cmTC_5b867/fast] Error 2


Source file was:
#include <pthread.h>

void* test_func(void* data)
{
  return data;
}

int main(void)
{
  pthread_t thread;
  pthread_create(&thread, NULL, test_func, NULL);
  pthread_detach(thread);
  pthread_join(thread, NULL);
  pthread_atfork(NULL, NULL, NULL);
  pthread_exit(NULL);

  return 0;
}

Determining if the function pthread_create exists in the pthreads failed with the following output:
Change Dir: /media/sf_Master_Thesis_DDLogmans/Software/ROS_environment/Franka_WS/src/franka_ros/franka_example_controllers/lib/osqp-cpp/build/CMakeFiles/CMakeTmp

Run Build Command(s):/usr/bin/make cmTC_31d6b/fast && /usr/bin/make -f CMakeFiles/cmTC_31d6b.dir/build.make CMakeFiles/cmTC_31d6b.dir/build
make[1]: Entering directory '/media/sf_Master_Thesis_DDLogmans/Software/ROS_environment/Franka_WS/src/franka_ros/franka_example_controllers/lib/osqp-cpp/build/CMakeFiles/CMakeTmp'
Building C object CMakeFiles/cmTC_31d6b.dir/CheckFunctionExists.c.o
/usr/bin/cc   -DCHECK_FUNCTION_EXISTS=pthread_create   -o CMakeFiles/cmTC_31d6b.dir/CheckFunctionExists.c.o   -c /usr/share/cmake-3.16/Modules/CheckFunctionExists.c
Linking C executable cmTC_31d6b
/usr/bin/cmake -E cmake_link_script CMakeFiles/cmTC_31d6b.dir/link.txt --verbose=1
/usr/bin/cc  -DCHECK_FUNCTION_EXISTS=pthread_create    CMakeFiles/cmTC_31d6b.dir/CheckFunctionExists.c.o  -o cmTC_31d6b  -lpthreads 
/usr/bin/ld: cannot find -lpthreads
collect2: error: ld returned 1 exit status
make[1]: *** [CMakeFiles/cmTC_31d6b.dir/build.make:87: cmTC_31d6b] Error 1
make[1]: Leaving directory '/media/sf_Master_Thesis_DDLogmans/Software/ROS_environment/Franka_WS/src/franka_ros/franka_example_controllers/lib/osqp-cpp/build/CMakeFiles/CMakeTmp'
make: *** [Makefile:121: cmTC_31d6b/fast] Error 2



